should work:
  1: |
    apiVersion: traefik.containo.us/v1alpha1
    kind: IngressRoute
    metadata:
      name: utils-test
      namespace: NAMESPACE
    spec:
      entryPoints:
      - websecure
      routes:
      - kind: Rule
        match: Host(`{{ .host }}`)
        services:
        - kind: Service
          name: test
          namespace: NAMESPACE
          port: 80
